# Fridge (1REB1GLPX1___, devType 101, devId FRIDGE_DEVICE_ID)
# Captured 2026-07-21 via mitmproxy transparent mode (route-as-next-hop, no-SNI rig — TASK-062).
# 2 diagmon POSTs (Report elements): COMMON_WIFI_ON, COMMON_PERIODIC.
# Inner diagMonData is base64->XML; inner monData/diagData are base64->binary (double decode).

<Report>
      <devId>FRIDGE_DEVICE_ID</devId>
      <modelName>1REB1GLPX1___</modelName>
      <id>null</id>
      <devType>101</devType>
      <trigger>Device</trigger>
      <diagMonType>EventMonitoring</diagMonType>
      <diagMonData>PGxnZWRtUm9vdD48ZXZlbnRNb25pdG9yaW5nPjxtb25EYXRhPkFnTUJBZi8vL3dBQi93SC9BQT09PC9tb25EYXRhPjxkaWFnRGF0YT5Bd0VCZVFFQkFRRXh3R0FBL1RyOVZUQmMvWXY5TGYxVVp2Mk8vV0w5VlZyOWlQMGsvUVNlLy8zLy9STDlDZ1RFL2I3OS9mMFFBUDByQUFBQU9ERlZBZ0E5WGdjQUhJWUtBQUNnPC9kaWFnRGF0YT48ZXZlbnRUeXBlPkNPTU1PTl9XSUZJX09OPC9ldmVudFR5cGU+PHdpZmlEYXRhPk1WSkZRakZIVEZCWU1WOWZYd0FBQUFBQUFBQUFBQUFBQUFBQUFBQUFBQUFCQWJ6b240QUtBUUFBQUFBQTwvd2lmaURhdGE+PC9ldmVudE1vbml0b3Jpbmc+PC9sZ2VkbVJvb3Q+</diagMonData>
    </Report>

<Report>
      <devId>FRIDGE_DEVICE_ID</devId>
      <modelName>1REB1GLPX1___</modelName>
      <id>null</id>
      <devType>101</devType>
      <trigger>Device</trigger>
      <diagMonType>EventMonitoring</diagMonType>
      <diagMonData>PGxnZWRtUm9vdD48ZXZlbnRNb25pdG9yaW5nPjxtb25EYXRhPnFwWVhIeDhCWmY5SUFBQUFjLzhBQUFNQVZ2ODFBQUFBRHdVRkFBQUFBQUFBQVFFQkNnQUNBQUFBTVFBQUFBQUFBUUFBQVFFU0FBQUFBQUFBQUFBQUFBQUFBUUFCUEFVVkJEd0FBQUFBQUFBNkJ3UU9BUUFBQUFBQWdnQUFBSEFBQUFBQUFBQUFBQUFBWVFBQUFEd3NBUjRBQUFBQUFPOEFBQUFlaW5oc0FBRThBQXNEQUtBRkF3QUFBQUFBQXdBQUFCNFpBRGtEQUFBQUFBQUFBQUFBQUFBQUFBQUFBQUFBQUFBPTwvbW9uRGF0YT48ZGlhZ0RhdGE+QXdFQmVRRUJBUUV4d0dBQS9UcjlWVEJjL1l2OUxmMVVadjJPL1dMOVZWcjlpUDBrL1FTZS8vMy8vUkw5Q2dURy9iNzkvZjBRQVAwckFBQUFPREZWQWdBOVhnY0FISVlLQUFDZzwvZGlhZ0RhdGE+PGV2ZW50VHlwZT5DT01NT05fUEVSSU9ESUM8L2V2ZW50VHlwZT48d2lmaURhdGE+TVZKRlFqRkhURkJZTVY5Zlh3QUFBQUFBQUFBQUFBQUFBQUFBQUFBQUFBQUJBYnpvbjRBS0FRQUFBQUFBPC93aWZpRGF0YT48L2V2ZW50TW9uaXRvcmluZz48L2xnZWRtUm9vdD4=</diagMonData>
    </Report>

